     1                                  bits 32 ; assembling for the 32 bits architecture
     2                                  
     3                                  ; declare the EntryPoint (a label defining the very first instruction of the program)
     4                                  global start        
     5                                  
     6                                  ; declare external functions needed by our program
     7                                  extern exit               ; tell nasm that exit exists even if we won't be defining it
     8                                  import exit msvcrt.dll    ; exit is a function that ends the calling process. It is defined in msvcrt.dll
     9                                                            ; msvcrt.dll contains exit, printf and all the other important C-runtime specific functions
    10                                  
    11                                  ; our data is declared here (the variables needed by our program)
    12                                  segment data use32 class=data
    13                                      ; ...
    14                                  ;toate variabilele folosite de noi
    15 00000000 A2                      a DB 0A2h ;se declara variabila a de tip BYTE si se initializeaza cu valoarea 0A2h
    16 00000001 6162                    b DW 'ab' ;se declara variabila a de tip WORD si se initializeaza cu valoarea 'ab'
    17 00000003 78563412                c DD 12345678h ;se declara variabila a de tip DOUBLE WORD si se initializeaza cu valoarea 12345678h
    18 00000007 8877665544332211        d DQ 1122334455667788h ;se declara variabila a de tip QUAD WORD si se initializeaza cu valoarea 1122334455667788h
    19                                  
    20 0000000F <res 00000001>          e RESB 1 ;se rezerva 1 octet
    21 00000010 <res 00000040>          f RESB 64 ;se rezerva 64 octeti
    22 00000050 <res 00000002>          g RESW 1 ;se rezerva 1 word
    23                                  
    24 00000052 FF                      h db -1
    25                                  
    26                                  zece EQU 10 ;se defineste constanta zece care are valoarea 10
    27                                  
    28                                  ; our code starts here
    29                                  segment code use32 class=code
    30                                      start:
    31                                      ;aici scriem instructiuni
    32 00000000 BB78563412                  mov EBX, 12345678h
    33 00000005 BA01010101                  mov EDX, 01010101h
    34 0000000A 01DA                        add EDX,EBX;aduna la EDX pe ENX -> EDX = EDX + EBX
    35 0000000C FE05[03000000]              inc byte [c];aduna 1 la variabila c -> byte, word, dword
    36 00000012 F61D[52000000]              neg byte [h]
    37 00000018 B007                        mov AL, 7
    38 0000001A B00C                        mov AL, 12
    39                                          ; ...
    40                                  
    41                                          ; exit(0)
    42 0000001C 6A00                            push    dword 0      ; push the parameter for exit onto the stack
    43 0000001E FF15[00000000]                  call    [exit]       ; call exit to terminate the program
